// Jest Snapshot v1, https://goo.gl/fbAQLP

exports[`<UseLocalStorage /> should render the component with no issues 1`] = `
<div>
  <div>
    <p>
      Local Storage
    </p>
    <p
      data-testid="sample"
    >
      Your local storage item is 
    </p>
  </div>
</div>
`;
