// Jest Snapshot v1, https://goo.gl/fbAQLP

exports[`<UseToggle /> should render the component with no issues 1`] = `
<div>
  <div>
    <p
      data-testid="status"
    >
      Checked: 
      false
    </p>
    <input
      type="checkbox"
    />
  </div>
</div>
`;
